// Jest Snapshot v1, https://goo.gl/fbAQLP

exports[`OfferDetails should render correctly 1`] = `
<main
  className="page__main page__main--property"
>
  <section
    className="property"
  >
    <div
      className="property__gallery-container container"
    >
      <div
        className="property__gallery"
      >
        <div
          className="property__image-wrapper"
        >
          <img
            alt="Photo studio"
            className="property__image"
            src="test"
          />
        </div>
      </div>
    </div>
    <div
      className="property__container container"
    >
      <div
        className="property__wrapper"
      >
        <div
          className="property__mark"
        >
          <span>
            Premium
          </span>
        </div>
        <div
          className="property__name-wrapper"
        >
          <h1
            className="property__name"
          >
            test1
          </h1>
          <Memo(ConnectFunction)
            id={1}
          />
        </div>
        <div
          className="property__rating rating"
        >
          <div
            className="property__stars rating__stars"
          >
            <span
              style={
                Object {
                  "width": "1%",
                }
              }
            />
            <span
              className="visually-hidden"
            >
              Rating
            </span>
          </div>
          <span
            className="property__rating-value rating__value"
          >
            0.05
          </span>
        </div>
        <ul
          className="property__features"
        >
          <li
            className="property__feature property__feature--entire"
          >
            Apartment
          </li>
          <li
            className="property__feature property__feature--bedrooms"
          >
            1
             Bedroom
            
          </li>
          <li
            className="property__feature property__feature--adults"
          >
            Max 
            1
             adult
            
          </li>
        </ul>
        <div
          className="property__price"
        >
          <b
            className="property__price-value"
          >
            €
            1
          </b>
          <span
            className="property__price-text"
          >
             night
          </span>
        </div>
        <div
          className="property__inside"
        >
          <h2
            className="property__inside-title"
          >
            What's inside
          </h2>
          <ul
            className="property__inside-list"
          >
            <li
              className="property__inside-item"
            >
              test
            </li>
          </ul>
        </div>
        <div
          className="property__host"
        >
          <h2
            className="property__host-title"
          >
            Meet the host
          </h2>
          <div
            className="property__host-user user"
          >
            <div
              className="property__avatar-wrapper property__avatar-wrapper--pro user__avatar-wrapper"
            >
              <img
                alt="Host avatar"
                className="property__avatar user__avatar"
                height="74"
                src="test"
                width="74"
              />
            </div>
            <span
              className="property__user-name"
            >
              host
            </span>
            
          </div>
          <div
            className="property__description"
          >
            <p
              className="property__text"
            />
          </div>
        </div>
        <Memo(ConnectFunction)
          id={1}
          reviews={Array []}
        />
      </div>
    </div>
    <section
      className="property__map map"
    >
      <CityMap
        activeLocation={
          Array [
            52.3909553943508,
            4.85309666406198,
          ]
        }
        cityLocation={
          Array [
            52.3909553943508,
            4.85309666406198,
          ]
        }
        locations={
          Array [
            Array [
              52.3909553943508,
              4.85309666406198,
            ],
            Array [
              52.3909553943508,
              4.85309666406198,
            ],
          ]
        }
      />
    </section>
  </section>
  <div
    className="container"
  >
    <section
      className="near-places places"
    >
      <h2
        className="near-places__title"
      >
        Other places in the neighbourhood
      </h2>
      <WithActiveItem
        classPrefix="near"
        offers={
          Array [
            Object {
              "bedrooms": 1,
              "city": Object {
                "location": Array [
                  52.3909553943508,
                  4.85309666406198,
                ],
              },
              "goods": Array [
                "test",
              ],
              "host": Object {
                "avatar": "test",
                "id": 1,
                "name": "host",
              },
              "id": 1,
              "image": "test2",
              "images": Array [
                "test",
              ],
              "location": Array [
                52.3909553943508,
                4.85309666406198,
              ],
              "maxGuests": 1,
              "name": "test1",
              "premium": true,
              "price": 1,
              "rating": 1,
              "type": "apartment",
            },
          ]
        }
      />
    </section>
  </div>
</main>
`;
